npm error Missing script: "test"
npm error
npm error To see a list of scripts, run:
npm error   npm run
npm error A complete log of this run can be found in: /Users/abulhasan/.npm/_logs/2026-04-28T19_27_20_492Z-debug-0.log
